// Jest Snapshot v1, https://goo.gl/fbAQLP

exports[`<EnTete /> renders correctly 1`] = `null`;
