// Jest Snapshot v1, https://goo.gl/fbAQLP

exports[`<Tes /> renders correctly 1`] = `
<Text>
  Salut
</Text>
`;
